// Jest Snapshot v1, https://goo.gl/fbAQLP

exports[`Button component Matches the snapshot 1`] = `
<div>
  <div>
    <div
      onDoubleClick={[Function]}
    >
      ----
    </div>
  </div>
</div>
`;

exports[`ProfileStatus component Matches the snapshot 1`] = `
<div>
  <div>
    <div
      onDoubleClick={[Function]}
    >
      ----
    </div>
  </div>
</div>
`;
